Archive member included to satisfy reference by file (symbol)

/opt/xpack-riscv-none-embed-gcc-10.2.0-1.2/bin/../lib/gcc/riscv-none-embed/10.2.0/rv32i/ilp32/libgcc.a(muldi3.o)
                              ./core_main.o (__mulsi3)
/opt/xpack-riscv-none-embed-gcc-10.2.0-1.2/bin/../lib/gcc/riscv-none-embed/10.2.0/rv32i/ilp32/libgcc.a(div.o)
                              ./core_list_join.o (__udivsi3)

Discarded input sections

 .data          0x0000000000000000        0x0 ./core_list_join.o
 .bss           0x0000000000000000        0x0 ./core_list_join.o
 .bss           0x0000000000000000        0x0 ./core_main.o
 .data          0x0000000000000000        0x0 ./core_matrix.o
 .bss           0x0000000000000000        0x0 ./core_matrix.o
 .bss           0x0000000000000000        0x0 ./core_state.o
 .data          0x0000000000000000        0x0 ./core_util.o
 .bss           0x0000000000000000        0x0 ./core_util.o
 .data          0x0000000000000000        0x0 ./nox/printf.o
 .bss           0x0000000000000000        0x0 ./nox/printf.o
 .data          0x0000000000000000        0x0 ./nox/core_portme.o
 .srodata       0x0000000000000000        0x4 ./nox/core_portme.o
 .text          0x0000000000000000        0x0 ./nox/crt0.o
 .data          0x0000000000000000        0x0 ./nox/crt0.o
 .bss           0x0000000000000000        0x0 ./nox/crt0.o
 .text          0x0000000000000000       0xc0 ./nox/startup.o
 .data          0x0000000000000000        0x0 ./nox/startup.o
 .bss           0x0000000000000000        0xc ./nox/startup.o
 .sdata         0x0000000000000000        0x4 ./nox/startup.o
 .data          0x0000000000000000        0x0 /opt/xpack-riscv-none-embed-gcc-10.2.0-1.2/bin/../lib/gcc/riscv-none-embed/10.2.0/rv32i/ilp32/libgcc.a(muldi3.o)
 .bss           0x0000000000000000        0x0 /opt/xpack-riscv-none-embed-gcc-10.2.0-1.2/bin/../lib/gcc/riscv-none-embed/10.2.0/rv32i/ilp32/libgcc.a(muldi3.o)
 .data          0x0000000000000000        0x0 /opt/xpack-riscv-none-embed-gcc-10.2.0-1.2/bin/../lib/gcc/riscv-none-embed/10.2.0/rv32i/ilp32/libgcc.a(div.o)
 .bss           0x0000000000000000        0x0 /opt/xpack-riscv-none-embed-gcc-10.2.0-1.2/bin/../lib/gcc/riscv-none-embed/10.2.0/rv32i/ilp32/libgcc.a(div.o)

Memory Configuration

Name             Origin             Length             Attributes
IRAM             0x0000000080000000 0x0000000000006000 axrl !w
DRAM             0x0000000010000000 0x0000000000002000 axw !rl
*default*        0x0000000000000000 0xffffffffffffffff

Linker script and memory map

LOAD /opt/xpack-riscv-none-embed-gcc-10.2.0-1.2/bin/../lib/gcc/riscv-none-embed/10.2.0/rv32i/ilp32/libgcc.a
LOAD /opt/xpack-riscv-none-embed-gcc-10.2.0-1.2/bin/../lib/gcc/riscv-none-embed/10.2.0/../../../../riscv-none-embed/lib/rv32i/ilp32/libm.a
LOAD /opt/xpack-riscv-none-embed-gcc-10.2.0-1.2/bin/../lib/gcc/riscv-none-embed/10.2.0/../../../../riscv-none-embed/lib/rv32i/ilp32/libc.a
LOAD ./core_list_join.o
LOAD ./core_main.o
LOAD ./core_matrix.o
LOAD ./core_state.o
LOAD ./core_util.o
LOAD ./nox/printf.o
LOAD ./nox/core_portme.o
LOAD ./nox/crt0.o
LOAD ./nox/startup.o
LOAD /opt/xpack-riscv-none-embed-gcc-10.2.0-1.2/bin/../lib/gcc/riscv-none-embed/10.2.0/rv32i/ilp32/libgcc.a
START GROUP
LOAD /opt/xpack-riscv-none-embed-gcc-10.2.0-1.2/bin/../lib/gcc/riscv-none-embed/10.2.0/rv32i/ilp32/libgcc.a
LOAD /opt/xpack-riscv-none-embed-gcc-10.2.0-1.2/bin/../lib/gcc/riscv-none-embed/10.2.0/../../../../riscv-none-embed/lib/rv32i/ilp32/libg.a
LOAD /opt/xpack-riscv-none-embed-gcc-10.2.0-1.2/bin/../lib/gcc/riscv-none-embed/10.2.0/../../../../riscv-none-embed/lib/rv32i/ilp32/libc.a
END GROUP
LOAD /opt/xpack-riscv-none-embed-gcc-10.2.0-1.2/bin/../lib/gcc/riscv-none-embed/10.2.0/rv32i/ilp32/libgcc.a
                0x0000000000000100                _min_stack = 0x100

.text           0x0000000080000000     0x5c8c
                0x0000000080000000                _start_text = .
 *(.init)
 .init          0x0000000080000000       0x14 ./nox/crt0.o
                0x0000000080000000                _start_reset
 .init          0x0000000080000014       0x58 ./nox/startup.o
                0x0000000080000014                _reset
                0x0000000080000100                . = (ORIGIN (IRAM) + 0x100)
 *fill*         0x000000008000006c       0x94 
                0x0000000080000100                _start_vector = .
 *(.isr_vector)
 *(.text*)
 .text          0x0000000080000100      0xf00 ./core_list_join.o
                0x0000000080000100                calc_func
                0x00000000800002f8                cmp_complex
                0x0000000080000364                cmp_idx
                0x0000000080000444                copy_info
                0x0000000080000488                core_bench_list
                0x00000000800007f4                core_list_init
                0x0000000080000b2c                core_list_insert_new
                0x0000000080000c18                core_list_remove
                0x0000000080000c8c                core_list_undo_remove
                0x0000000080000cf8                core_list_find
                0x0000000080000d9c                core_list_reverse
                0x0000000080000df8                core_list_mergesort
 .text          0x0000000080001000     0x1028 ./core_main.o
                0x0000000080001000                iterate
                0x0000000080001110                main
 .text          0x0000000080002028      0xec0 ./core_matrix.o
                0x0000000080002028                printmat
                0x0000000080002110                printmatC
                0x00000000800021f8                core_bench_matrix
                0x00000000800022ac                matrix_test
                0x00000000800024c4                core_init_matrix
                0x0000000080002748                matrix_sum
                0x000000008000286c                matrix_mul_const
                0x0000000080002970                matrix_add_const
                0x0000000080002a68                matrix_mul_vect
                0x0000000080002b80                matrix_mul_matrix
                0x0000000080002d20                matrix_mul_matrix_bitextract
 .text          0x0000000080002ee8      0x99c ./core_state.o
                0x0000000080002ee8                core_bench_state
                0x00000000800031ec                core_init_state
                0x00000000800034e8                core_state_transition
 .text          0x0000000080003884      0x328 ./core_util.o
                0x0000000080003884                get_seed_32
                0x0000000080003914                crcu8
                0x0000000080003a14                crcu16
                0x0000000080003a9c                crcu32
                0x0000000080003b1c                crc16
                0x0000000080003b6c                check_data_types
 .text          0x0000000080003bac     0x1550 ./nox/printf.o
                0x0000000080004e48                printf_
                0x0000000080004ec8                sprintf_
                0x0000000080004f48                snprintf_
                0x0000000080004fc8                vprintf_
                0x0000000080005018                vsnprintf_
                0x000000008000506c                fctprintf
 .text          0x00000000800050fc      0x180 ./nox/core_portme.o
                0x00000000800050fc                _putchar
                0x000000008000512c                barebones_clock
                0x0000000080005154                start_time
                0x0000000080005184                stop_time
                0x00000000800051b4                get_time
                0x00000000800051e4                time_in_secs
                0x000000008000522c                portable_init
                0x0000000080005260                portable_fini
 .text          0x000000008000527c       0x24 /opt/xpack-riscv-none-embed-gcc-10.2.0-1.2/bin/../lib/gcc/riscv-none-embed/10.2.0/rv32i/ilp32/libgcc.a(muldi3.o)
                0x000000008000527c                __mulsi3
 .text          0x00000000800052a0       0xb4 /opt/xpack-riscv-none-embed-gcc-10.2.0-1.2/bin/../lib/gcc/riscv-none-embed/10.2.0/rv32i/ilp32/libgcc.a(div.o)
                0x00000000800052a0                __divsi3
                0x00000000800052a8                __udivsi3
                0x00000000800052f0                __umodsi3
                0x0000000080005324                __modsi3
                0x0000000080005354                _edata = .
 *(.rodata*)
 .rodata        0x0000000080005354       0x66 ./core_list_join.o
 *fill*         0x00000000800053ba        0x2 
 .rodata        0x00000000800053bc      0x4f3 ./core_main.o
 *fill*         0x00000000800058af        0x1 
 .rodata        0x00000000800058b0       0x92 ./core_matrix.o
 *fill*         0x0000000080005942        0x2 
 .rodata        0x0000000080005944      0x118 ./core_state.o
 .rodata        0x0000000080005a5c       0x4e ./core_util.o
 *fill*         0x0000000080005aaa        0x2 
 .rodata        0x0000000080005aac      0x1e0 ./nox/printf.o
 *(.srodata*)
                0x0000000080005c8c                . = ALIGN (0x4)
                0x0000000080005c8c                _end_text = .
                0x0000000080005c8c                _stored_data = .

.rela.dyn       0x0000000080005c8c        0x0
 .rela.init     0x0000000080005c8c        0x0 ./core_list_join.o

.data           0x0000000010000000       0x7c load address 0x0000000080005c8c
                0x0000000010000000                __DATA_BEGIN__ = .
                0x0000000010000000                _start_data = .
 *(.data .data.* .gnu.linkonce.d.*)
 .data          0x0000000010000000       0x30 ./core_main.o
                0x0000000010000024                mem_name
 .data          0x0000000010000030       0x40 ./core_state.o
                0x0000000010000070                __SDATA_BEGIN__ = .
 *(.srodata.cst16)
 *(.srodata.cst8)
 *(.srodata.cst4)
 *(.srodata.cst2)
 *(.srodata .srodata.*)
 *(.sdata .sdata.* .sdata2.* .gnu.linkonce.s.*)
 .sdata         0x0000000010000070        0xc ./nox/core_portme.o
                0x0000000010000070                seed3_volatile
                0x0000000010000074                seed4_volatile
                0x0000000010000078                default_num_contexts
                0x000000001000007c                _end_data = .
                0x000000001000007c                _start_bss = .

.bss            0x000000001000007c        0x8 load address 0x0000000080005c8c
                0x000000001000007c                __BSS_START__ = .
 *(.dynbss)
 *(.bss .bss.* .gnu.linkonce.b.*)
 .bss           0x000000001000007c        0x8 ./nox/core_portme.o
 *(COMMON)
                0x0000000010000084                . = ALIGN ((. != 0x0)?0x4:0x1)

.sbss           0x0000000010000084        0xc load address 0x0000000080005c8c
 *(.dynsbss)
 *(.sbss .sbss.* .gnu.linkonce.sb.*)
 .sbss          0x0000000010000084        0xc ./nox/core_portme.o
                0x0000000010000084                seed1_volatile
                0x0000000010000088                seed2_volatile
                0x000000001000008c                seed5_volatile
 *(.scommon)
                0x0000000010000090                __BSS_END__ = .
                0x0000000010000090                _end = .
                0x0000000010000090                _end_bss = .
                0x0000000010000800                __global_pointer$ = MIN ((__SDATA_BEGIN__ + 0x800), MAX ((__DATA_BEGIN__ + 0x800), (__BSS_END__ - 0x800)))
                0x0000000010002000                PROVIDE (_start_stack = (ORIGIN (DRAM) + LENGTH (DRAM)))
                [!provide]                        PROVIDE (_end_stack = (ORIGIN (DRAM) + (LENGTH (DRAM) - _stack_size)))
                [!provide]                        PROVIDE (_start_heap = __BSS_END__)
                [!provide]                        PROVIDE (_end_heap = _end_stack)
                [!provide]                        PROVIDE (end = _start_heap)
OUTPUT(./coremark.elf elf32-littleriscv)

.debug_info     0x0000000000000000     0x28ea
 .debug_info    0x0000000000000000      0x8bb ./core_list_join.o
 .debug_info    0x00000000000008bb      0x4b0 ./core_main.o
 .debug_info    0x0000000000000d6b      0x66b ./core_matrix.o
 .debug_info    0x00000000000013d6      0x367 ./core_state.o
 .debug_info    0x000000000000173d      0x24e ./core_util.o
 .debug_info    0x000000000000198b      0x9eb ./nox/printf.o
 .debug_info    0x0000000000002376      0x31a ./nox/core_portme.o
 .debug_info    0x0000000000002690       0x26 ./nox/crt0.o
 .debug_info    0x00000000000026b6      0x234 ./nox/startup.o

.debug_abbrev   0x0000000000000000      0xab6
 .debug_abbrev  0x0000000000000000      0x1d0 ./core_list_join.o
 .debug_abbrev  0x00000000000001d0      0x13e ./core_main.o
 .debug_abbrev  0x000000000000030e      0x14a ./core_matrix.o
 .debug_abbrev  0x0000000000000458      0x127 ./core_state.o
 .debug_abbrev  0x000000000000057f       0xef ./core_util.o
 .debug_abbrev  0x000000000000066e      0x1fa ./nox/printf.o
 .debug_abbrev  0x0000000000000868      0x182 ./nox/core_portme.o
 .debug_abbrev  0x00000000000009ea       0x14 ./nox/crt0.o
 .debug_abbrev  0x00000000000009fe       0xb8 ./nox/startup.o

.debug_aranges  0x0000000000000000      0x128
 .debug_aranges
                0x0000000000000000       0x20 ./core_list_join.o
 .debug_aranges
                0x0000000000000020       0x20 ./core_main.o
 .debug_aranges
                0x0000000000000040       0x20 ./core_matrix.o
 .debug_aranges
                0x0000000000000060       0x20 ./core_state.o
 .debug_aranges
                0x0000000000000080       0x20 ./core_util.o
 .debug_aranges
                0x00000000000000a0       0x20 ./nox/printf.o
 .debug_aranges
                0x00000000000000c0       0x20 ./nox/core_portme.o
 .debug_aranges
                0x00000000000000e0       0x20 ./nox/crt0.o
 .debug_aranges
                0x0000000000000100       0x28 ./nox/startup.o

.debug_line     0x0000000000000000     0x3d39
 .debug_line    0x0000000000000000      0xb17 ./core_list_join.o
 .debug_line    0x0000000000000b17      0xb5b ./core_main.o
 .debug_line    0x0000000000001672      0x9c5 ./core_matrix.o
 .debug_line    0x0000000000002037      0x724 ./core_state.o
 .debug_line    0x000000000000275b      0x20c ./core_util.o
 .debug_line    0x0000000000002967      0xf6d ./nox/printf.o
 .debug_line    0x00000000000038d4      0x1f8 ./nox/core_portme.o
 .debug_line    0x0000000000003acc       0x4d ./nox/crt0.o
 .debug_line    0x0000000000003b19      0x220 ./nox/startup.o

.debug_str      0x0000000000000000      0xa3c
 .debug_str     0x0000000000000000      0x36b ./core_list_join.o
                                        0x3aa (size before relaxing)
 .debug_str     0x000000000000036b       0xe5 ./core_main.o
                                        0x2b2 (size before relaxing)
 .debug_str     0x0000000000000450       0xe1 ./core_matrix.o
                                        0x1f2 (size before relaxing)
 .debug_str     0x0000000000000531      0x137 ./core_state.o
                                        0x243 (size before relaxing)
 .debug_str     0x0000000000000668       0x9b ./core_util.o
                                        0x181 (size before relaxing)
 .debug_str     0x0000000000000703      0x173 ./nox/printf.o
                                        0x285 (size before relaxing)
 .debug_str     0x0000000000000876       0xb8 ./nox/core_portme.o
                                        0x280 (size before relaxing)
 .debug_str     0x000000000000092e       0x17 ./nox/crt0.o
                                         0x22 (size before relaxing)
 .debug_str     0x0000000000000945       0xf7 ./nox/startup.o
                                        0x1ed (size before relaxing)

.comment        0x0000000000000000       0x33
 .comment       0x0000000000000000       0x33 ./core_list_join.o
                                         0x34 (size before relaxing)
 .comment       0x0000000000000033       0x34 ./core_main.o
 .comment       0x0000000000000033       0x34 ./core_matrix.o
 .comment       0x0000000000000033       0x34 ./core_state.o
 .comment       0x0000000000000033       0x34 ./core_util.o
 .comment       0x0000000000000033       0x34 ./nox/printf.o
 .comment       0x0000000000000033       0x34 ./nox/core_portme.o
 .comment       0x0000000000000033       0x34 ./nox/startup.o

.debug_frame    0x0000000000000000      0xa5c
 .debug_frame   0x0000000000000000      0x1d8 ./core_list_join.o
 .debug_frame   0x00000000000001d8       0x68 ./core_main.o
 .debug_frame   0x0000000000000240      0x1e8 ./core_matrix.o
 .debug_frame   0x0000000000000428       0xac ./core_state.o
 .debug_frame   0x00000000000004d4       0xf8 ./core_util.o
 .debug_frame   0x00000000000005cc      0x2ac ./nox/printf.o
 .debug_frame   0x0000000000000878      0x134 ./nox/core_portme.o
 .debug_frame   0x00000000000009ac       0xb0 ./nox/startup.o

.debug_ranges   0x0000000000000000       0x18
 .debug_ranges  0x0000000000000000       0x18 ./nox/startup.o
