Archive member included to satisfy reference by file (symbol)

/opt/xpack-riscv-none-embed-gcc-10.2.0-1.2/bin/../lib/gcc/riscv-none-embed/10.2.0/rv32i/ilp32/libgcc.a(muldi3.o)
                              ./core_main.o (__mulsi3)
/opt/xpack-riscv-none-embed-gcc-10.2.0-1.2/bin/../lib/gcc/riscv-none-embed/10.2.0/rv32i/ilp32/libgcc.a(div.o)
                              ./core_list_join.o (__udivsi3)

Discarded input sections

 .data          0x0000000000000000        0x0 ./core_list_join.o
 .bss           0x0000000000000000        0x0 ./core_list_join.o
 .bss           0x0000000000000000        0x0 ./core_main.o
 .data          0x0000000000000000        0x0 ./core_matrix.o
 .bss           0x0000000000000000        0x0 ./core_matrix.o
 .bss           0x0000000000000000        0x0 ./core_state.o
 .data          0x0000000000000000        0x0 ./core_util.o
 .bss           0x0000000000000000        0x0 ./core_util.o
 .data          0x0000000000000000        0x0 ./nox/printf.o
 .bss           0x0000000000000000        0x0 ./nox/printf.o
 .data          0x0000000000000000        0x0 ./nox/core_portme.o
 .srodata       0x0000000000000000       0x10 ./nox/core_portme.o
 .text          0x0000000000000000        0x0 ./nox/crt0.o
 .data          0x0000000000000000        0x0 ./nox/crt0.o
 .bss           0x0000000000000000        0x0 ./nox/crt0.o
 .text          0x0000000000000000       0xc0 ./nox/startup.o
 .data          0x0000000000000000        0x0 ./nox/startup.o
 .bss           0x0000000000000000        0xc ./nox/startup.o
 .sdata         0x0000000000000000        0x4 ./nox/startup.o
 .data          0x0000000000000000        0x0 /opt/xpack-riscv-none-embed-gcc-10.2.0-1.2/bin/../lib/gcc/riscv-none-embed/10.2.0/rv32i/ilp32/libgcc.a(muldi3.o)
 .bss           0x0000000000000000        0x0 /opt/xpack-riscv-none-embed-gcc-10.2.0-1.2/bin/../lib/gcc/riscv-none-embed/10.2.0/rv32i/ilp32/libgcc.a(muldi3.o)
 .data          0x0000000000000000        0x0 /opt/xpack-riscv-none-embed-gcc-10.2.0-1.2/bin/../lib/gcc/riscv-none-embed/10.2.0/rv32i/ilp32/libgcc.a(div.o)
 .bss           0x0000000000000000        0x0 /opt/xpack-riscv-none-embed-gcc-10.2.0-1.2/bin/../lib/gcc/riscv-none-embed/10.2.0/rv32i/ilp32/libgcc.a(div.o)

Memory Configuration

Name             Origin             Length             Attributes
IRAM             0x0000000080000000 0x0000000000006000 axrl !w
DRAM             0x0000000010000000 0x0000000000002000 axw !rl
*default*        0x0000000000000000 0xffffffffffffffff

Linker script and memory map

LOAD /opt/xpack-riscv-none-embed-gcc-10.2.0-1.2/bin/../lib/gcc/riscv-none-embed/10.2.0/rv32i/ilp32/libgcc.a
LOAD /opt/xpack-riscv-none-embed-gcc-10.2.0-1.2/bin/../lib/gcc/riscv-none-embed/10.2.0/../../../../riscv-none-embed/lib/rv32i/ilp32/libm.a
LOAD /opt/xpack-riscv-none-embed-gcc-10.2.0-1.2/bin/../lib/gcc/riscv-none-embed/10.2.0/../../../../riscv-none-embed/lib/rv32i/ilp32/libc.a
LOAD ./core_list_join.o
LOAD ./core_main.o
LOAD ./core_matrix.o
LOAD ./core_state.o
LOAD ./core_util.o
LOAD ./nox/printf.o
LOAD ./nox/core_portme.o
LOAD ./nox/crt0.o
LOAD ./nox/startup.o
LOAD /opt/xpack-riscv-none-embed-gcc-10.2.0-1.2/bin/../lib/gcc/riscv-none-embed/10.2.0/rv32i/ilp32/libgcc.a
START GROUP
LOAD /opt/xpack-riscv-none-embed-gcc-10.2.0-1.2/bin/../lib/gcc/riscv-none-embed/10.2.0/rv32i/ilp32/libgcc.a
LOAD /opt/xpack-riscv-none-embed-gcc-10.2.0-1.2/bin/../lib/gcc/riscv-none-embed/10.2.0/../../../../riscv-none-embed/lib/rv32i/ilp32/libg.a
LOAD /opt/xpack-riscv-none-embed-gcc-10.2.0-1.2/bin/../lib/gcc/riscv-none-embed/10.2.0/../../../../riscv-none-embed/lib/rv32i/ilp32/libc.a
END GROUP
LOAD /opt/xpack-riscv-none-embed-gcc-10.2.0-1.2/bin/../lib/gcc/riscv-none-embed/10.2.0/rv32i/ilp32/libgcc.a
                0x0000000000000100                _min_stack = 0x100

.text           0x0000000080000000     0x5844
                0x0000000080000000                _start_text = .
 *(.init)
 .init          0x0000000080000000       0x14 ./nox/crt0.o
                0x0000000080000000                _start_reset
 .init          0x0000000080000014       0x58 ./nox/startup.o
                0x0000000080000014                _reset
                0x0000000080000100                . = (ORIGIN (IRAM) + 0x100)
 *fill*         0x000000008000006c       0x94 
                0x0000000080000100                _start_vector = .
 *(.isr_vector)
 *(.text*)
 .text          0x0000000080000100      0xe48 ./core_list_join.o
                0x0000000080000100                calc_func
                0x00000000800002f8                cmp_complex
                0x0000000080000364                cmp_idx
                0x0000000080000444                copy_info
                0x0000000080000488                core_bench_list
                0x00000000800007ac                core_list_init
                0x0000000080000a74                core_list_insert_new
                0x0000000080000b60                core_list_remove
                0x0000000080000bd4                core_list_undo_remove
                0x0000000080000c40                core_list_find
                0x0000000080000ce4                core_list_reverse
                0x0000000080000d40                core_list_mergesort
 .text          0x0000000080000f48     0x1020 ./core_main.o
                0x0000000080000f48                iterate
                0x0000000080001058                main
 .text          0x0000000080001f68      0xc64 ./core_matrix.o
                0x0000000080001f68                core_bench_matrix
                0x000000008000201c                matrix_test
                0x00000000800021d0                core_init_matrix
                0x000000008000242c                matrix_sum
                0x0000000080002550                matrix_mul_const
                0x0000000080002654                matrix_add_const
                0x000000008000274c                matrix_mul_vect
                0x0000000080002864                matrix_mul_matrix
                0x0000000080002a04                matrix_mul_matrix_bitextract
 .text          0x0000000080002bcc      0x910 ./core_state.o
                0x0000000080002bcc                core_bench_state
                0x0000000080002e78                core_init_state
                0x0000000080003140                core_state_transition
 .text          0x00000000800034dc      0x328 ./core_util.o
                0x00000000800034dc                get_seed_32
                0x000000008000356c                crcu8
                0x000000008000366c                crcu16
                0x00000000800036f4                crcu32
                0x0000000080003774                crc16
                0x00000000800037c4                check_data_types
 .text          0x0000000080003804     0x1550 ./nox/printf.o
                0x0000000080004aa0                printf_
                0x0000000080004b20                sprintf_
                0x0000000080004ba0                snprintf_
                0x0000000080004c20                vprintf_
                0x0000000080004c70                vsnprintf_
                0x0000000080004cc4                fctprintf
 .text          0x0000000080004d54      0x1d8 ./nox/core_portme.o
                0x0000000080004d54                _putchar
                0x0000000080004da4                barebones_clock
                0x0000000080004dcc                start_time
                0x0000000080004dfc                stop_time
                0x0000000080004e2c                get_time
                0x0000000080004e5c                time_in_secs
                0x0000000080004ea4                portable_init
                0x0000000080004f10                portable_fini
 .text          0x0000000080004f2c       0x24 /opt/xpack-riscv-none-embed-gcc-10.2.0-1.2/bin/../lib/gcc/riscv-none-embed/10.2.0/rv32i/ilp32/libgcc.a(muldi3.o)
                0x0000000080004f2c                __mulsi3
 .text          0x0000000080004f50       0xb4 /opt/xpack-riscv-none-embed-gcc-10.2.0-1.2/bin/../lib/gcc/riscv-none-embed/10.2.0/rv32i/ilp32/libgcc.a(div.o)
                0x0000000080004f50                __divsi3
                0x0000000080004f58                __udivsi3
                0x0000000080004fa0                __umodsi3
                0x0000000080004fd4                __modsi3
                0x0000000080005004                _edata = .
 *(.rodata*)
 .rodata        0x0000000080005004      0x51b ./core_main.o
 *fill*         0x000000008000551f        0x1 
 .rodata        0x0000000080005520       0xd0 ./core_state.o
 .rodata        0x00000000800055f0       0x4e ./core_util.o
 *fill*         0x000000008000563e        0x2 
 .rodata        0x0000000080005640      0x1e0 ./nox/printf.o
 .rodata        0x0000000080005820       0x22 ./nox/core_portme.o
 *(.srodata*)
                0x0000000080005844                . = ALIGN (0x4)
 *fill*         0x0000000080005842        0x2 
                0x0000000080005844                _end_text = .
                0x0000000080005844                _stored_data = .

.rela.dyn       0x0000000080005844        0x0
 .rela.init     0x0000000080005844        0x0 ./core_list_join.o

.data           0x0000000010000000       0x78 load address 0x0000000080005844
                0x0000000010000000                __DATA_BEGIN__ = .
                0x0000000010000000                _start_data = .
 *(.data .data.* .gnu.linkonce.d.*)
 .data          0x0000000010000000       0x30 ./core_main.o
                0x0000000010000024                mem_name
 .data          0x0000000010000030       0x40 ./core_state.o
                0x0000000010000070                __SDATA_BEGIN__ = .
 *(.srodata.cst16)
 *(.srodata.cst8)
 *(.srodata.cst4)
 *(.srodata.cst2)
 *(.srodata .srodata.*)
 *(.sdata .sdata.* .sdata2.* .gnu.linkonce.s.*)
 .sdata         0x0000000010000070        0x8 ./nox/core_portme.o
                0x0000000010000070                seed3_volatile
                0x0000000010000074                default_num_contexts
                0x0000000010000078                _end_data = .
                0x0000000010000078                _start_bss = .

.bss            0x0000000010000078        0x8 load address 0x0000000080005844
                0x0000000010000078                __BSS_START__ = .
 *(.dynbss)
 *(.bss .bss.* .gnu.linkonce.b.*)
 .bss           0x0000000010000078        0x8 ./nox/core_portme.o
 *(COMMON)
                0x0000000010000080                . = ALIGN ((. != 0x0)?0x4:0x1)

.sbss           0x0000000010000080       0x10 load address 0x0000000080005844
 *(.dynsbss)
 *(.sbss .sbss.* .gnu.linkonce.sb.*)
 .sbss          0x0000000010000080       0x10 ./nox/core_portme.o
                0x0000000010000080                seed1_volatile
                0x0000000010000084                seed2_volatile
                0x0000000010000088                seed4_volatile
                0x000000001000008c                seed5_volatile
 *(.scommon)
                0x0000000010000090                __BSS_END__ = .
                0x0000000010000090                _end = .
                0x0000000010000090                _end_bss = .
                0x0000000010000800                __global_pointer$ = MIN ((__SDATA_BEGIN__ + 0x800), MAX ((__DATA_BEGIN__ + 0x800), (__BSS_END__ - 0x800)))
                0x0000000010002000                PROVIDE (_start_stack = (ORIGIN (DRAM) + LENGTH (DRAM)))
                [!provide]                        PROVIDE (_end_stack = (ORIGIN (DRAM) + (LENGTH (DRAM) - _stack_size)))
                [!provide]                        PROVIDE (_start_heap = __BSS_END__)
                [!provide]                        PROVIDE (_end_heap = _end_stack)
                [!provide]                        PROVIDE (end = _start_heap)
OUTPUT(./coremark.elf elf32-littleriscv)

.debug_info     0x0000000000000000     0x2850
 .debug_info    0x0000000000000000      0x8bb ./core_list_join.o
 .debug_info    0x00000000000008bb      0x4b0 ./core_main.o
 .debug_info    0x0000000000000d6b      0x5aa ./core_matrix.o
 .debug_info    0x0000000000001315      0x358 ./core_state.o
 .debug_info    0x000000000000166d      0x24e ./core_util.o
 .debug_info    0x00000000000018bb      0x9eb ./nox/printf.o
 .debug_info    0x00000000000022a6      0x350 ./nox/core_portme.o
 .debug_info    0x00000000000025f6       0x26 ./nox/crt0.o
 .debug_info    0x000000000000261c      0x234 ./nox/startup.o

.debug_abbrev   0x0000000000000000      0xab8
 .debug_abbrev  0x0000000000000000      0x1d0 ./core_list_join.o
 .debug_abbrev  0x00000000000001d0      0x13e ./core_main.o
 .debug_abbrev  0x000000000000030e      0x130 ./core_matrix.o
 .debug_abbrev  0x000000000000043e      0x127 ./core_state.o
 .debug_abbrev  0x0000000000000565       0xef ./core_util.o
 .debug_abbrev  0x0000000000000654      0x1fa ./nox/printf.o
 .debug_abbrev  0x000000000000084e      0x19e ./nox/core_portme.o
 .debug_abbrev  0x00000000000009ec       0x14 ./nox/crt0.o
 .debug_abbrev  0x0000000000000a00       0xb8 ./nox/startup.o

.debug_aranges  0x0000000000000000      0x128
 .debug_aranges
                0x0000000000000000       0x20 ./core_list_join.o
 .debug_aranges
                0x0000000000000020       0x20 ./core_main.o
 .debug_aranges
                0x0000000000000040       0x20 ./core_matrix.o
 .debug_aranges
                0x0000000000000060       0x20 ./core_state.o
 .debug_aranges
                0x0000000000000080       0x20 ./core_util.o
 .debug_aranges
                0x00000000000000a0       0x20 ./nox/printf.o
 .debug_aranges
                0x00000000000000c0       0x20 ./nox/core_portme.o
 .debug_aranges
                0x00000000000000e0       0x20 ./nox/crt0.o
 .debug_aranges
                0x0000000000000100       0x28 ./nox/startup.o

.debug_line     0x0000000000000000     0x3b32
 .debug_line    0x0000000000000000      0xa91 ./core_list_join.o
 .debug_line    0x0000000000000a91      0xb55 ./core_main.o
 .debug_line    0x00000000000015e6      0x83a ./core_matrix.o
 .debug_line    0x0000000000001e20      0x6e4 ./core_state.o
 .debug_line    0x0000000000002504      0x20c ./core_util.o
 .debug_line    0x0000000000002710      0xf6d ./nox/printf.o
 .debug_line    0x000000000000367d      0x248 ./nox/core_portme.o
 .debug_line    0x00000000000038c5       0x4d ./nox/crt0.o
 .debug_line    0x0000000000003912      0x220 ./nox/startup.o

.debug_str      0x0000000000000000      0xa3f
 .debug_str     0x0000000000000000      0x36b ./core_list_join.o
                                        0x3aa (size before relaxing)
 .debug_str     0x000000000000036b       0xe5 ./core_main.o
                                        0x2b2 (size before relaxing)
 .debug_str     0x0000000000000450       0xce ./core_matrix.o
                                        0x1d5 (size before relaxing)
 .debug_str     0x000000000000051e      0x131 ./core_state.o
                                        0x23d (size before relaxing)
 .debug_str     0x000000000000064f       0x9b ./core_util.o
                                        0x181 (size before relaxing)
 .debug_str     0x00000000000006ea      0x173 ./nox/printf.o
                                        0x285 (size before relaxing)
 .debug_str     0x000000000000085d       0xd4 ./nox/core_portme.o
                                        0x29c (size before relaxing)
 .debug_str     0x0000000000000931       0x17 ./nox/crt0.o
                                         0x22 (size before relaxing)
 .debug_str     0x0000000000000948       0xf7 ./nox/startup.o
                                        0x1ed (size before relaxing)

.comment        0x0000000000000000       0x33
 .comment       0x0000000000000000       0x33 ./core_list_join.o
                                         0x34 (size before relaxing)
 .comment       0x0000000000000033       0x34 ./core_main.o
 .comment       0x0000000000000033       0x34 ./core_matrix.o
 .comment       0x0000000000000033       0x34 ./core_state.o
 .comment       0x0000000000000033       0x34 ./core_util.o
 .comment       0x0000000000000033       0x34 ./nox/printf.o
 .comment       0x0000000000000033       0x34 ./nox/core_portme.o
 .comment       0x0000000000000033       0x34 ./nox/startup.o

.debug_frame    0x0000000000000000      0xa0c
 .debug_frame   0x0000000000000000      0x1d8 ./core_list_join.o
 .debug_frame   0x00000000000001d8       0x68 ./core_main.o
 .debug_frame   0x0000000000000240      0x198 ./core_matrix.o
 .debug_frame   0x00000000000003d8       0xa8 ./core_state.o
 .debug_frame   0x0000000000000480       0xf8 ./core_util.o
 .debug_frame   0x0000000000000578      0x2ac ./nox/printf.o
 .debug_frame   0x0000000000000824      0x138 ./nox/core_portme.o
 .debug_frame   0x000000000000095c       0xb0 ./nox/startup.o

.debug_ranges   0x0000000000000000       0x18
 .debug_ranges  0x0000000000000000       0x18 ./nox/startup.o
